Run at Mon Jun  1 04:08:31 UTC 2026
Run at Tue Jun  2 04:01:47 UTC 2026
Run at Wed Jun  3 04:10:27 UTC 2026
Run at Thu Jun  4 04:04:18 UTC 2026
Run at Fri Jun  5 03:50:23 UTC 2026
Run at Sat Jun  6 03:33:11 UTC 2026
Run at Sun Jun  7 03:59:21 UTC 2026
Run at Mon Jun  8 04:03:41 UTC 2026
Run at Tue Jun  9 03:33:59 UTC 2026
Run at Wed Jun 10 03:46:37 UTC 2026
Run at Thu Jun 11 04:01:26 UTC 2026
Run at Fri Jun 12 04:01:30 UTC 2026
Run at Sat Jun 13 03:49:26 UTC 2026
Run at Sun Jun 14 04:08:04 UTC 2026
Run at Mon Jun 15 04:20:10 UTC 2026
Run at Tue Jun 16 04:11:17 UTC 2026
Run at Wed Jun 17 04:11:01 UTC 2026
Run at Thu Jun 18 04:01:38 UTC 2026
Run at Fri Jun 19 04:20:58 UTC 2026
Run at Sat Jun 20 03:42:27 UTC 2026
Run at Sun Jun 21 04:16:26 UTC 2026
Run at Mon Jun 22 04:17:43 UTC 2026
Run at Tue Jun 23 03:36:26 UTC 2026
Run at Wed Jun 24 03:37:21 UTC 2026
Run at Thu Jun 25 03:36:03 UTC 2026
Run at Fri Jun 26 03:43:15 UTC 2026
