Run at Sat Aug  1 02:47:56 UTC 2026
Run at Sun Aug  2 02:47:23 UTC 2026
Run at Mon Aug  3 02:48:16 UTC 2026
Run at Tue Aug  4 02:31:52 UTC 2026
Run at Wed Aug  5 02:31:16 UTC 2026
Run at Thu Aug  6 02:33:40 UTC 2026
Run at Fri Aug  7 02:39:38 UTC 2026
Run at Sat Aug  8 01:39:04 UTC 2026
Run at Sun Aug  9 01:44:07 UTC 2026
Run at Mon Aug 10 01:47:46 UTC 2026
Run at Tue Aug 11 01:44:06 UTC 2026
Run at Wed Aug 12 01:56:18 UTC 2026
Run at Thu Aug 13 01:58:19 UTC 2026
Run at Fri Aug 14 01:56:15 UTC 2026
Run at Sat Aug 15 01:13:03 UTC 2026
Run at Sun Aug 16 01:17:41 UTC 2026
Run at Mon Aug 17 01:14:47 UTC 2026
Run at Tue Aug 18 01:12:49 UTC 2026
Run at Wed Aug 19 01:14:08 UTC 2026
Run at Thu Aug 20 01:12:56 UTC 2026
Run at Fri Aug 21 01:16:51 UTC 2026
Run at Sat Aug 22 01:12:39 UTC 2026
Run at Sun Aug 23 01:18:46 UTC 2026
