Run at Fri May  1 03:28:56 UTC 2026
Run at Sat May  2 02:45:08 UTC 2026
Run at Sun May  3 02:57:31 UTC 2026
Run at Mon May  4 02:55:25 UTC 2026
Run at Tue May  5 02:47:04 UTC 2026
Run at Wed May  6 02:53:27 UTC 2026
Run at Thu May  7 02:54:33 UTC 2026
Run at Fri May  8 02:56:34 UTC 2026
Run at Sat May  9 02:52:10 UTC 2026
Run at Sun May 10 03:22:37 UTC 2026
Run at Mon May 11 03:35:10 UTC 2026
Run at Tue May 12 03:22:29 UTC 2026
Run at Wed May 13 03:30:18 UTC 2026
Run at Thu May 14 03:29:58 UTC 2026
Run at Fri May 15 03:33:36 UTC 2026
Run at Sat May 16 02:56:25 UTC 2026
Run at Sun May 17 03:30:45 UTC 2026
Run at Mon May 18 03:43:06 UTC 2026
Run at Tue May 19 03:36:44 UTC 2026
Run at Wed May 20 03:37:41 UTC 2026
