Run at Tue Sep  1 03:52:34 UTC 2026
Run at Wed Sep  2 03:12:23 UTC 2026
Run at Thu Sep  3 03:16:09 UTC 2026
Run at Fri Sep  4 03:12:53 UTC 2026
Run at Sat Sep  5 03:15:37 UTC 2026
Run at Sun Sep  6 03:15:22 UTC 2026
Run at Mon Sep  7 03:13:44 UTC 2026
Run at Tue Sep  8 03:21:25 UTC 2026
Run at Wed Sep  9 03:24:57 UTC 2026
Run at Thu Sep 10 03:23:18 UTC 2026
Run at Fri Sep 11 03:19:54 UTC 2026
Run at Sat Sep 12 03:25:06 UTC 2026
Run at Sun Sep 13 03:31:10 UTC 2026
Run at Mon Sep 14 03:41:22 UTC 2026
Run at Tue Sep 15 03:41:54 UTC 2026
Run at Wed Sep 16 03:39:03 UTC 2026
Run at Thu Sep 17 03:43:53 UTC 2026
Run at Fri Sep 18 03:30:06 UTC 2026
Run at Sat Sep 19 03:27:01 UTC 2026
Run at Sun Sep 20 03:43:40 UTC 2026
