Run at Wed Jul  1 03:56:47 UTC 2026
Run at Thu Jul  2 03:37:33 UTC 2026
Run at Fri Jul  3 03:18:02 UTC 2026
Run at Sat Jul  4 02:56:38 UTC 2026
Run at Sun Jul  5 03:26:47 UTC 2026
Run at Mon Jul  6 03:34:32 UTC 2026
Run at Tue Jul  7 03:25:23 UTC 2026
Run at Wed Jul  8 02:42:45 UTC 2026
Run at Thu Jul  9 03:19:06 UTC 2026
Run at Fri Jul 10 03:21:12 UTC 2026
Run at Sat Jul 11 02:39:35 UTC 2026
Run at Sun Jul 12 02:47:25 UTC 2026
Run at Mon Jul 13 02:48:45 UTC 2026
Run at Tue Jul 14 02:30:22 UTC 2026
Run at Wed Jul 15 02:28:23 UTC 2026
Run at Thu Jul 16 02:36:34 UTC 2026
Run at Fri Jul 17 02:39:23 UTC 2026
Run at Sat Jul 18 02:30:14 UTC 2026
Run at Sun Jul 19 02:43:54 UTC 2026
Run at Mon Jul 20 02:57:12 UTC 2026
Run at Tue Jul 21 02:42:03 UTC 2026
